// Jest Snapshot v1, https://goo.gl/fbAQLP

exports[`Button component works correctly 1`] = `
<DocumentFragment>
  <button
    class="button"
    type="button"
  >
    Click Me
  </button>
</DocumentFragment>
`;
