// Jest Snapshot v1, https://goo.gl/fbAQLP

exports[`testing fetch quotes testing snapshots 1`] = `[Function]`;
